[www.kpssplatin.xyz/index.html]
[static.wixstatic.com/media/c781f7_4a8f55a3e0a048838328bba101335947_mv2.jpg/v1/fill/w_32,h_32,lg_1,usm_0.66_1.00_0.01/c781f7_4a8f55a3e0a048838328bba101335947_mv2.jpg]
[static.parastorage.com/unpkg/core-js-bundle@3.2.1/minified.js]
[static.parastorage.com/unpkg/focus-within-polyfill@5.0.9/dist/focus-within-polyfill.js]
[backblue.gif]
[fade.gif]
[index.html]
[polyfill.io/v3/polyfill.mind82c.js]
[browser.sentry-cdn.com/6.18.2/bundle.min.js]
[www.kpssplatin.xyz/decodeURIComponent(e.5.delayed]
[www.kpssplatin.xyz/sitemap.xml]
[www.kpssplatin.xyz/feed.7.delayed]
[static.parastorage.com/services/wix-thunderbolt/dist/bootstrap-features.bec8a0f6.bundle.min.js]
[static.parastorage.com/services/wix-thunderbolt/dist/main.590f0ed9.bundle.min.js]
[static.parastorage.com/unpkg/lodash@4.17.21/lodash.min.js]
[static.parastorage.com/unpkg/react@16.13.1/umd/react.production.min.js]
[static.parastorage.com/services/tag-manager-client/1.427.0/siteTags.bundle.min.js]
[static.parastorage.com/services/wix-perf-measure/1.756.0/wix-perf-measure.bundle.min.js]
[static.parastorage.com/unpkg/react-dom@16.13.1/umd/react-dom.production.min.js]
[www.kpssplatin.xyz/b604fd33.min.f.delayed]
[www.kpssplatin.xyz/5b26625f.min.10.delayed]
[www.kpssplatin.xyz/aae8f9e8.min.11.delayed]
[www.kpssplatin.xyz/9a0ae350.chunk.min.12.delayed]
[www.kpssplatin.xyz/rb_wixui.thunderbolt_bootstrap-classic.8c7d9b7b.chunk.min.13.delayed]
[www.kpssplatin.xyz/rb_wixui.thunderbolt_bootstrap.5641211f.chunk.min.14.delayed]
[www.kpssplatin.xyz/rb_wixui.thunderbolt_bootstrap.9a0ae350.chunk.min.15.delayed]
[static.wixstatic.com/media/c781f7_3f10ea46c97d45e5bda470debb0a15c2_mv2.png/v1/fill/w_199,h_52,al_c,q_85,usm_0.66_1.00_0.01,blur_3,enc_auto/google play.png]
[static.wixstatic.com/media/c781f7_9cac0e7f476b4d9eacda9dac406c3464_mv2.png/v1/fill/w_114,h_114,al_c,q_85,usm_0.66_1.00_0.01,blur_2,enc_auto/dart adam.png]
[static.wixstatic.com/media/c781f7_8b25b29979d441bfb8edc41b6d696344_mv2.png/v1/fill/w_126,h_126,al_c,q_85,usm_0.66_1.00_0.01,blur_3,enc_auto/bulut.png]
[static.wixstatic.com/media/c781f7_8b25b29979d441bfb8edc41b6d696344_mv2.png/v1/fill/w_87,h_87,al_c,q_85,usm_0.66_1.00_0.01,blur_3,enc_auto/bulut.png]
[static.wixstatic.com/media/c781f7_8b25b29979d441bfb8edc41b6d696344_mv2.png/v1/fill/w_189,h_189,al_c,q_85,usm_0.66_1.00_0.01,blur_3,enc_auto/bulut.png]
[static.wixstatic.com/media/c781f7_c3fb5371bd504756b662dd1e09479c49_mv2.png/v1/fill/w_119,h_119,al_c,q_85,usm_0.66_1.00_0.01,blur_2,enc_auto/dart tahtası.png]
[static.wixstatic.com/media/c781f7_5509251b9d684106b9986709b454c112_mv2.png/v1/fill/w_81,h_81,al_c,q_85,usm_0.66_1.00_0.01,blur_3,enc_auto/kpss-c.png]
[static.wixstatic.com/media/c781f7_adc9e8b612454c47938a143a55975060_mv2.png/v1/fill/w_81,h_81,al_c,q_85,usm_0.66_1.00_0.01,blur_3,enc_auto/kpss-t.png]
[static.wixstatic.com/media/c781f7_b104b71fc593470ea73ec0c617b5be32_mv2.png/v1/fill/w_81,h_81,al_c,q_85,usm_0.66_1.00_0.01,blur_3,enc_auto/kpss-v.png]
[static.wixstatic.com/media/c781f7_76685f0fe4a046218ebcc3c86ee89733_mv2.png/v1/fill/w_81,h_81,al_c,q_85,usm_0.66_1.00_0.01,blur_3,enc_auto/tyt.png]
[static.wixstatic.com/media/c781f7_f2fa515a06b54fae94064766ad3aab65_mv2.png/v1/fill/w_81,h_81,al_c,q_85,usm_0.66_1.00_0.01,blur_3,enc_auto/ayt.png]
[static.wixstatic.com/media/c781f7_fc0becec3f7e4fb0accd7062185fc174_mv2.png/v1/fill/w_78,h_78,al_c,q_85,usm_0.66_1.00_0.01,blur_3,enc_auto/handclick.png]
[static.wixstatic.com/media/c781f7_c60ae357f3284287a3ea4b3b9b310c85_mv2.png/v1/fill/w_118,h_27,al_c,q_85,usm_0.66_1.00_0.01,blur_2,enc_auto/title-kpssplatin2.png]
[static.wixstatic.com/media/01c3aff52f2a4dffa526d7a9843d46ea.png/v1/fill/w_39,h_39,al_c,q_85,usm_0.66_1.00_0.01,blur_3,enc_auto/01c3aff52f2a4dffa526d7a9843d46ea.png]
[static.wixstatic.com/media/c7d035ba85f6486680c2facedecdcf4d.png/v1/fill/w_39,h_39,al_c,q_85,usm_0.66_1.00_0.01,blur_3,enc_auto/c7d035ba85f6486680c2facedecdcf4d.png]
[static.wixstatic.com/media/0fdef751204647a3bbd7eaa2827ed4f9.png/v1/fill/w_39,h_39,al_c,q_85,usm_0.66_1.00_0.01,blur_3,enc_auto/0fdef751204647a3bbd7eaa2827ed4f9.png]
[static.wixstatic.com/media/78aa2057f0cb42fbbaffcbc36280a64a.png/v1/fill/w_39,h_39,al_c,q_85,usm_0.66_1.00_0.01,blur_3,enc_auto/78aa2057f0cb42fbbaffcbc36280a64a.png]
[static.wixstatic.com/media/f26666d80a564bd1962e4fcb4e0eb376.png/v1/fill/w_39,h_39,al_c,q_85,usm_0.66_1.00_0.01,blur_3,enc_auto/f26666d80a564bd1962e4fcb4e0eb376.png]
[static.wixstatic.com/media/c781f7_91d3297ef267409baf5a968de6405252_mv2.png/v1/fill/w_39,h_39,al_c,q_85,usm_0.66_1.00_0.01,blur_3,enc_auto/c781f7_91d3297ef267409baf5a968de6405252_mv2.png]
[www.kpssplatin.xyz/index.html]
[www.kpssplatin.xyz/decodeURIComponent(e.html]
[www.kpssplatin.xyz/feed.html]
[www.kpssplatin.xyz/b604fd33.min.html]
[www.kpssplatin.xyz/5b26625f.min.html]
[www.kpssplatin.xyz/aae8f9e8.min.html]
[www.kpssplatin.xyz/9a0ae350.chunk.min.html]
[www.kpssplatin.xyz/rb_wixui.thunderbolt_bootstrap-classic.8c7d9b7b.chunk.min.html]
[www.kpssplatin.xyz/rb_wixui.thunderbolt_bootstrap.5641211f.chunk.min.html]
[www.kpssplatin.xyz/rb_wixui.thunderbolt_bootstrap.9a0ae350.chunk.min.html]
